// Jest Snapshot v1, https://goo.gl/fbAQLP

exports[`Components should render correctly should render Authenticate correctly 1`] = `
<div
  className="authContainer"
>
  <div
    className="authHeadline"
  >
    Enter bridge IP
  </div>
  <input
    className="authInput"
    onChange={[Function]}
    placeholder="e.g. 192.168.0.100"
    type="text"
    value=""
  />
  <div
    className="authHeadline"
  >
    Developer name
  </div>
  <input
    className="authInput"
    onChange={[Function]}
    placeholder="Choose a developer name"
    type="text"
    value=""
  />
  <div
    className="authButton"
    onClick={[Function]}
  >
    Begin
  </div>
</div>
`;

exports[`Components should render correctly should render Console correctly 1`] = `
<div
  className="consoleWrapper"
  style={
    Object {
      "boxSizing": "border-box",
      "flexShrink": 0,
      "height": "300px",
      "maxHeight": 760,
      "maxWidth": undefined,
      "minHeight": 30,
      "minWidth": undefined,
      "position": "relative",
      "userSelect": "auto",
      "width": "100%",
    }
  }
>
  <div>
    <div
      className="consoleHeader consoleHeaderShow"
      onClick={[Function]}
    >
      Console
    </div>
  </div>
  <div
    className="menuLine"
  >
    <div
      className="menuButton"
      data-title="No formatting"
      onClick={[Function]}
    >
      <i
        className="material-icons"
      >
        notes
      </i>
    </div>
  </div>
  <div
    className="consoleContent"
  />
  <span>
    <div
      className=""
      onMouseDown={[Function]}
      onTouchStart={[Function]}
      style={
        Object {
          "cursor": "row-resize",
          "height": "10px",
          "left": "0px",
          "position": "absolute",
          "top": "-5px",
          "userSelect": "none",
          "width": "100%",
        }
      }
    />
  </span>
</div>
`;

exports[`Components should render correctly should render LoaderSpinner correctly 1`] = `
<div
  className="loaderSpinnerWrapper"
>
  <div
    className="lds-ripple"
  >
    <div />
    <div />
  </div>
  <div
    className="loaderSpinnerText"
  >
    Loading Hue resources
  </div>
</div>
`;
